2026-07-01 17:29:53 DEBUG c.b.s.controller.HomeController - Command received: LIGHT_01 TURN_ON. For device LIGHT_01
2026-07-01 17:29:53 INFO  c.b.s.controller.HomeController - Command executed successfully: TURN_ON
2026-07-01 17:29:53 DEBUG c.b.s.controller.HomeController - Command received: LIGHT_02 TURN_ON. For device LIGHT_02
2026-07-01 17:29:53 INFO  c.b.s.controller.HomeController - Command executed successfully: TURN_ON
2026-07-01 17:29:53 DEBUG c.b.s.controller.HomeController - Command received: THERMO_01 SET_TEMP 22.5. For device THERMO_01
2026-07-01 17:29:53 INFO  c.b.s.controller.HomeController - Command executed successfully: SET_TEMP
2026-07-01 17:29:53 DEBUG c.b.s.controller.HomeController - Command received: LIGHT_01 SET_BRIGHTNESS 80. For device LIGHT_01
2026-07-01 17:29:53 INFO  c.b.s.controller.HomeController - Command executed successfully: SET_BRIGHTNESS
2026-07-01 17:29:53 DEBUG c.b.s.controller.HomeController - Command received: LIGHT_03 TURN_ON. For device LIGHT_03
2026-07-01 17:29:53 WARN  c.b.s.controller.HomeController - The target device 'LIGHT_03' is offline - command skipped.
2026-07-01 17:29:53 INFO  c.b.smarthome.device.SmartLock - Lock unlocked successfully! Device ID: LOCK_01
2026-07-01 17:29:53 DEBUG c.b.s.controller.HomeController - Command received: LOCK_02 UNLOCK. For device LOCK_02
2026-07-01 17:33:23 DEBUG c.b.s.controller.HomeController - Command received: LIGHT_01 TURN_ON. For device LIGHT_01
2026-07-01 17:33:23 INFO  c.b.s.controller.HomeController - Command executed successfully: TURN_ON
2026-07-01 17:33:23 DEBUG c.b.s.controller.HomeController - Command received: LIGHT_02 TURN_ON. For device LIGHT_02
2026-07-01 17:33:23 INFO  c.b.s.controller.HomeController - Command executed successfully: TURN_ON
2026-07-01 17:33:23 DEBUG c.b.s.controller.HomeController - Command received: THERMO_01 SET_TEMP 22.5. For device THERMO_01
2026-07-01 17:33:23 INFO  c.b.s.controller.HomeController - Command executed successfully: SET_TEMP
2026-07-01 17:33:23 DEBUG c.b.s.controller.HomeController - Command received: LIGHT_01 SET_BRIGHTNESS 80. For device LIGHT_01
2026-07-01 17:33:23 INFO  c.b.s.controller.HomeController - Command executed successfully: SET_BRIGHTNESS
2026-07-01 17:33:23 DEBUG c.b.s.controller.HomeController - Command received: LIGHT_03 TURN_ON. For device LIGHT_03
2026-07-01 17:33:23 WARN  c.b.s.controller.HomeController - The target device 'LIGHT_03' is offline - command skipped.
2026-07-01 17:33:23 INFO  c.b.smarthome.device.SmartLock - Lock unlocked successfully! Device ID: LOCK_01
2026-07-01 17:33:23 DEBUG c.b.s.controller.HomeController - Command received: LOCK_02 UNLOCK. For device LOCK_02
2026-07-01 17:33:23 ERROR c.b.smarthome.device.SmartLock - SECURITY ALERT: Incorrect PIN entered for Back Door Lock.
2026-07-01 17:34:37 WARN  c.b.s.controller.HomeController - The target device 'LIGHT_03' is offline - command skipped.
2026-07-01 17:34:37 ERROR c.b.smarthome.device.SmartLock - SECURITY ALERT: Incorrect PIN entered for Back Door Lock.
2026-07-01 17:43:05 DEBUG c.b.s.controller.HomeController - Command received: LIGHT_01 TURN_ON. For device LIGHT_01
2026-07-01 17:43:05 INFO  c.b.s.controller.HomeController - Command executed successfully: TURN_ON
2026-07-01 17:43:05 DEBUG c.b.s.controller.HomeController - Command received: LIGHT_02 TURN_ON. For device LIGHT_02
2026-07-01 17:43:05 INFO  c.b.s.controller.HomeController - Command executed successfully: TURN_ON
2026-07-01 17:43:05 DEBUG c.b.s.controller.HomeController - Command received: THERMO_01 SET_TEMP 22.5. For device THERMO_01
2026-07-01 17:43:05 INFO  c.b.s.controller.HomeController - Command executed successfully: SET_TEMP
2026-07-01 17:43:05 DEBUG c.b.s.controller.HomeController - Command received: LIGHT_01 SET_BRIGHTNESS 80. For device LIGHT_01
2026-07-01 17:43:05 INFO  c.b.s.controller.HomeController - Command executed successfully: SET_BRIGHTNESS
2026-07-01 17:43:05 DEBUG c.b.s.controller.HomeController - Command received: LIGHT_03 TURN_ON. For device LIGHT_03
2026-07-01 17:43:05 WARN  c.b.s.controller.HomeController - The target device 'LIGHT_03' is offline - command skipped.
2026-07-01 17:43:05 INFO  c.b.smarthome.device.SmartLock - Lock unlocked successfully! Device ID: LOCK_01
2026-07-01 17:43:05 DEBUG c.b.s.controller.HomeController - Command received: LOCK_02 UNLOCK. For device LOCK_02
2026-07-01 17:43:05 ERROR c.b.smarthome.device.SmartLock - SECURITY ALERT: Incorrect PIN entered for Back Door Lock.
2026-07-01 17:43:05 DEBUG c.b.s.controller.HomeController - Command received: SENSOR_99 TURN_ON. For device SENSOR_99
2026-07-01 17:51:25 DEBUG c.b.s.controller.HomeController - Command received: LIGHT_01 TURN_ON. For device LIGHT_01
2026-07-01 17:51:25 INFO  c.b.s.controller.HomeController - Command executed successfully: TURN_ON
2026-07-01 17:51:25 DEBUG c.b.s.controller.HomeController - Command received: LIGHT_02 TURN_ON. For device LIGHT_02
2026-07-01 17:51:25 INFO  c.b.s.controller.HomeController - Command executed successfully: TURN_ON
2026-07-01 17:51:25 DEBUG c.b.s.controller.HomeController - Command received: THERMO_01 SET_TEMP 22.5. For device THERMO_01
2026-07-01 17:51:25 INFO  c.b.s.controller.HomeController - Command executed successfully: SET_TEMP
2026-07-01 17:51:25 DEBUG c.b.s.controller.HomeController - Command received: LIGHT_01 SET_BRIGHTNESS 80. For device LIGHT_01
2026-07-01 17:51:25 INFO  c.b.s.controller.HomeController - Command executed successfully: SET_BRIGHTNESS
2026-07-01 17:51:25 DEBUG c.b.s.controller.HomeController - Command received: LIGHT_03 TURN_ON. For device LIGHT_03
2026-07-01 17:51:25 WARN  c.b.s.controller.HomeController - The target device 'LIGHT_03' is offline - command skipped.
2026-07-01 17:51:25 INFO  c.b.smarthome.device.SmartLock - Lock unlocked successfully! Device ID: LOCK_01
2026-07-01 17:51:25 DEBUG c.b.s.controller.HomeController - Command received: LOCK_02 UNLOCK. For device LOCK_02
2026-07-01 17:51:25 ERROR c.b.smarthome.device.SmartLock - SECURITY ALERT: Incorrect PIN entered for Back Door Lock.
2026-07-01 17:52:04 DEBUG c.b.s.controller.HomeController - Command received: LIGHT_01 TURN_ON. For device LIGHT_01
2026-07-01 17:52:04 INFO  c.b.s.controller.HomeController - Command executed successfully: TURN_ON
2026-07-01 17:52:04 DEBUG c.b.s.controller.HomeController - Command received: LIGHT_02 TURN_ON. For device LIGHT_02
2026-07-01 17:52:04 INFO  c.b.s.controller.HomeController - Command executed successfully: TURN_ON
2026-07-01 17:52:04 DEBUG c.b.s.controller.HomeController - Command received: THERMO_01 SET_TEMP 22.5. For device THERMO_01
2026-07-01 17:52:04 INFO  c.b.s.controller.HomeController - Command executed successfully: SET_TEMP
2026-07-01 17:52:04 DEBUG c.b.s.controller.HomeController - Command received: LIGHT_01 SET_BRIGHTNESS 80. For device LIGHT_01
2026-07-01 17:52:04 INFO  c.b.s.controller.HomeController - Command executed successfully: SET_BRIGHTNESS
2026-07-01 17:52:04 DEBUG c.b.s.controller.HomeController - Command received: LIGHT_03 TURN_ON. For device LIGHT_03
2026-07-01 17:52:04 WARN  c.b.s.controller.HomeController - The target device 'LIGHT_03' is offline - command skipped.
2026-07-01 17:52:04 INFO  c.b.smarthome.device.SmartLock - Lock unlocked successfully! Device ID: LOCK_01
2026-07-01 17:52:04 DEBUG c.b.s.controller.HomeController - Command received: LOCK_02 UNLOCK. For device LOCK_02
2026-07-01 17:52:04 ERROR c.b.smarthome.device.SmartLock - SECURITY ALERT: Incorrect PIN entered for Back Door Lock.
2026-07-01 17:52:04 DEBUG c.b.s.controller.HomeController - Command received: SENSOR_99 TURN_ON. For device SENSOR_99
2026-07-01 17:52:04 WARN  c.b.s.controller.HomeController - Device not found!
2026-07-01 17:55:58 DEBUG c.b.s.controller.HomeController - Command received: LIGHT_01 TURN_ON. For device LIGHT_01
2026-07-01 17:55:58 INFO  c.b.s.controller.HomeController - Command executed successfully: TURN_ON
2026-07-01 17:55:58 DEBUG c.b.s.controller.HomeController - Command processing ended for device [LIGHT_01].
2026-07-01 17:55:58 DEBUG c.b.s.controller.HomeController - Command received: LIGHT_02 TURN_ON. For device LIGHT_02
2026-07-01 17:55:58 INFO  c.b.s.controller.HomeController - Command executed successfully: TURN_ON
2026-07-01 17:55:58 DEBUG c.b.s.controller.HomeController - Command processing ended for device [LIGHT_02].
2026-07-01 17:55:58 DEBUG c.b.s.controller.HomeController - Command received: THERMO_01 SET_TEMP 22.5. For device THERMO_01
2026-07-01 17:55:58 INFO  c.b.s.controller.HomeController - Command executed successfully: SET_TEMP
2026-07-01 17:55:58 DEBUG c.b.s.controller.HomeController - Command processing ended for device [THERMO_01].
2026-07-01 17:55:58 DEBUG c.b.s.controller.HomeController - Command received: LIGHT_01 SET_BRIGHTNESS 80. For device LIGHT_01
2026-07-01 17:55:58 INFO  c.b.s.controller.HomeController - Command executed successfully: SET_BRIGHTNESS
2026-07-01 17:55:58 DEBUG c.b.s.controller.HomeController - Command processing ended for device [LIGHT_01].
2026-07-01 17:55:58 DEBUG c.b.s.controller.HomeController - Command received: LIGHT_03 TURN_ON. For device LIGHT_03
2026-07-01 17:55:58 WARN  c.b.s.controller.HomeController - The target device 'LIGHT_03' is offline - command skipped.
2026-07-01 17:55:58 DEBUG c.b.s.controller.HomeController - Command processing ended for device [LIGHT_03].
2026-07-01 17:55:58 INFO  c.b.smarthome.device.SmartLock - Lock unlocked successfully! Device ID: LOCK_01
2026-07-01 17:55:58 DEBUG c.b.s.controller.HomeController - Command received: LOCK_02 UNLOCK. For device LOCK_02
2026-07-01 17:55:58 ERROR c.b.smarthome.device.SmartLock - SECURITY ALERT: Incorrect PIN entered for Back Door Lock.
2026-07-01 17:55:58 DEBUG c.b.s.controller.HomeController - Command processing ended for device [LOCK_02].
2026-07-01 17:55:58 DEBUG c.b.s.controller.HomeController - Command received: SENSOR_99 TURN_ON. For device SENSOR_99
2026-07-01 17:55:58 WARN  c.b.s.controller.HomeController - Device not found!
2026-07-01 17:55:58 DEBUG c.b.s.controller.HomeController - Command processing ended for device [SENSOR_99].
2026-07-01 17:57:40 DEBUG c.b.s.controller.HomeController - Command received: LIGHT_01 TURN_ON. For device LIGHT_01
2026-07-01 17:57:40 INFO  c.b.s.controller.HomeController - Command executed successfully: TURN_ON
2026-07-01 17:57:40 DEBUG c.b.s.controller.HomeController - Command processing ended for device [LIGHT_01].
2026-07-01 17:57:40 DEBUG c.b.s.controller.HomeController - Command received: LIGHT_02 TURN_ON. For device LIGHT_02
2026-07-01 17:57:40 INFO  c.b.s.controller.HomeController - Command executed successfully: TURN_ON
2026-07-01 17:57:40 DEBUG c.b.s.controller.HomeController - Command processing ended for device [LIGHT_02].
2026-07-01 17:57:40 DEBUG c.b.s.controller.HomeController - Command received: THERMO_01 SET_TEMP 22.5. For device THERMO_01
2026-07-01 17:57:40 INFO  c.b.s.controller.HomeController - Command executed successfully: SET_TEMP
2026-07-01 17:57:40 DEBUG c.b.s.controller.HomeController - Command processing ended for device [THERMO_01].
2026-07-01 17:57:40 DEBUG c.b.s.controller.HomeController - Command received: LIGHT_01 SET_BRIGHTNESS 80. For device LIGHT_01
2026-07-01 17:57:40 INFO  c.b.s.controller.HomeController - Command executed successfully: SET_BRIGHTNESS
2026-07-01 17:57:40 DEBUG c.b.s.controller.HomeController - Command processing ended for device [LIGHT_01].
2026-07-01 17:58:36 DEBUG c.b.s.controller.HomeController - Command received: LIGHT_03 TURN_ON. For device LIGHT_03
2026-07-01 17:58:36 WARN  c.b.s.controller.HomeController - The target device 'LIGHT_03' is offline - command skipped.
2026-07-01 17:58:36 DEBUG c.b.s.controller.HomeController - Command processing ended for device [LIGHT_03].
2026-07-01 17:58:36 INFO  c.b.smarthome.device.SmartLock - Lock unlocked successfully! Device ID: LOCK_01
2026-07-01 17:58:36 DEBUG c.b.s.controller.HomeController - Command received: LOCK_02 UNLOCK. For device LOCK_02
2026-07-01 17:58:36 ERROR c.b.smarthome.device.SmartLock - SECURITY ALERT: Incorrect PIN entered for Back Door Lock.
2026-07-01 17:58:36 DEBUG c.b.s.controller.HomeController - Command processing ended for device [LOCK_02].
2026-07-01 17:58:36 DEBUG c.b.s.controller.HomeController - Command received: SENSOR_99 TURN_ON. For device SENSOR_99
2026-07-01 17:58:36 WARN  c.b.s.controller.HomeController - Device not found!
2026-07-01 17:58:36 DEBUG c.b.s.controller.HomeController - Command processing ended for device [SENSOR_99].
2026-07-01 17:58:54 DEBUG c.b.s.controller.HomeController - Command received: LIGHT_01 TURN_ON. For device LIGHT_01
2026-07-01 17:58:54 INFO  c.b.s.controller.HomeController - Command executed successfully: TURN_ON
2026-07-01 17:58:54 DEBUG c.b.s.controller.HomeController - Command processing ended for device [LIGHT_01].
2026-07-01 17:58:54 DEBUG c.b.s.controller.HomeController - Command received: LIGHT_02 TURN_ON. For device LIGHT_02
2026-07-01 17:58:54 INFO  c.b.s.controller.HomeController - Command executed successfully: TURN_ON
2026-07-01 17:58:54 DEBUG c.b.s.controller.HomeController - Command processing ended for device [LIGHT_02].
2026-07-01 17:58:54 DEBUG c.b.s.controller.HomeController - Command received: THERMO_01 SET_TEMP 22.5. For device THERMO_01
2026-07-01 17:58:54 INFO  c.b.s.controller.HomeController - Command executed successfully: SET_TEMP
2026-07-01 17:58:54 DEBUG c.b.s.controller.HomeController - Command processing ended for device [THERMO_01].
2026-07-01 17:58:54 DEBUG c.b.s.controller.HomeController - Command received: LIGHT_01 SET_BRIGHTNESS 80. For device LIGHT_01
2026-07-01 17:58:54 INFO  c.b.s.controller.HomeController - Command executed successfully: SET_BRIGHTNESS
2026-07-01 17:58:54 DEBUG c.b.s.controller.HomeController - Command processing ended for device [LIGHT_01].
2026-07-01 18:00:53 DEBUG c.b.s.controller.HomeController - Command received: LIGHT_01 TURN_ON. For device LIGHT_01
2026-07-01 18:00:53 INFO  c.b.s.controller.HomeController - Command executed successfully: TURN_ON
2026-07-01 18:00:53 DEBUG c.b.s.controller.HomeController - Command processing ended for device [LIGHT_01].
2026-07-01 18:00:53 DEBUG c.b.s.controller.HomeController - Command received: LIGHT_02 TURN_ON. For device LIGHT_02
2026-07-01 18:00:53 INFO  c.b.s.controller.HomeController - Command executed successfully: TURN_ON
2026-07-01 18:00:53 DEBUG c.b.s.controller.HomeController - Command processing ended for device [LIGHT_02].
2026-07-01 18:00:53 DEBUG c.b.s.controller.HomeController - Command received: THERMO_01 SET_TEMP 22.5. For device THERMO_01
2026-07-01 18:00:53 INFO  c.b.s.controller.HomeController - Command executed successfully: SET_TEMP
2026-07-01 18:00:53 DEBUG c.b.s.controller.HomeController - Command processing ended for device [THERMO_01].
2026-07-01 18:00:53 DEBUG c.b.s.controller.HomeController - Command received: LIGHT_01 SET_BRIGHTNESS 80. For device LIGHT_01
2026-07-01 18:00:53 INFO  c.b.s.controller.HomeController - Command executed successfully: SET_BRIGHTNESS
2026-07-01 18:00:53 DEBUG c.b.s.controller.HomeController - Command processing ended for device [LIGHT_01].
2026-07-01 18:00:53 DEBUG c.b.s.controller.HomeController - Command received: LIGHT_03 TURN_ON. For device LIGHT_03
2026-07-01 18:00:53 WARN  c.b.s.controller.HomeController - The target device 'LIGHT_03' is offline - command skipped.
2026-07-01 18:00:53 DEBUG c.b.s.controller.HomeController - Command processing ended for device [LIGHT_03].
2026-07-01 18:00:53 INFO  c.b.smarthome.device.SmartLock - Lock unlocked successfully! Device ID: LOCK_01
2026-07-01 18:00:53 DEBUG c.b.s.controller.HomeController - Command received: LOCK_02 UNLOCK. For device LOCK_02
2026-07-01 18:00:53 ERROR c.b.smarthome.device.SmartLock - SECURITY ALERT: Incorrect PIN entered for Back Door Lock.
2026-07-01 18:00:53 DEBUG c.b.s.controller.HomeController - Command processing ended for device [LOCK_02].
2026-07-01 18:00:53 DEBUG c.b.s.controller.HomeController - Command received: SENSOR_99 TURN_ON. For device SENSOR_99
2026-07-01 18:00:53 WARN  c.b.s.controller.HomeController - Device not found!
2026-07-01 18:00:53 DEBUG c.b.s.controller.HomeController - Command processing ended for device [SENSOR_99].
2026-07-01 18:03:00 DEBUG c.b.s.controller.HomeController - Command received: LIGHT_01 TURN_ON. For device LIGHT_01
2026-07-01 18:03:00 INFO  c.b.s.controller.HomeController - Command executed successfully: TURN_ON
2026-07-01 18:03:00 DEBUG c.b.s.controller.HomeController - Command processing ended for device [LIGHT_01].
2026-07-01 18:03:00 DEBUG c.b.s.controller.HomeController - Command received: LIGHT_02 TURN_ON. For device LIGHT_02
2026-07-01 18:03:00 INFO  c.b.s.controller.HomeController - Command executed successfully: TURN_ON
2026-07-01 18:03:00 DEBUG c.b.s.controller.HomeController - Command processing ended for device [LIGHT_02].
2026-07-01 18:03:00 DEBUG c.b.s.controller.HomeController - Command received: THERMO_01 SET_TEMP 22.5. For device THERMO_01
2026-07-01 18:03:00 INFO  c.b.s.controller.HomeController - Command executed successfully: SET_TEMP
2026-07-01 18:03:00 DEBUG c.b.s.controller.HomeController - Command processing ended for device [THERMO_01].
2026-07-01 18:03:47 DEBUG c.b.s.controller.HomeController - Command received: LIGHT_01 SET_BRIGHTNESS 80. For device LIGHT_01
2026-07-01 18:05:37 INFO  c.b.s.controller.HomeController - Command executed successfully: SET_BRIGHTNESS
2026-07-01 18:05:37 DEBUG c.b.s.controller.HomeController - Command processing ended for device [LIGHT_01].
2026-07-01 18:05:37 DEBUG c.b.s.controller.HomeController - Command received: LIGHT_03 TURN_ON. For device LIGHT_03
2026-07-01 18:05:37 WARN  c.b.s.controller.HomeController - The target device 'LIGHT_03' is offline - command skipped.
2026-07-01 18:05:37 DEBUG c.b.s.controller.HomeController - Command processing ended for device [LIGHT_03].
2026-07-01 18:05:37 INFO  c.b.smarthome.device.SmartLock - Lock unlocked successfully! Device ID: LOCK_01
2026-07-01 18:08:29 DEBUG c.b.s.controller.HomeController - Command received: LIGHT_01 TURN_ON. For device LIGHT_01
2026-07-01 18:08:29 INFO  c.b.s.controller.HomeController - Command executed successfully: TURN_ON
2026-07-01 18:08:29 DEBUG c.b.s.controller.HomeController - Command processing ended for device [LIGHT_01].
2026-07-01 18:08:29 DEBUG c.b.s.controller.HomeController - Command received: LIGHT_02 TURN_ON. For device LIGHT_02
2026-07-01 18:08:29 INFO  c.b.s.controller.HomeController - Command executed successfully: TURN_ON
2026-07-01 18:08:29 DEBUG c.b.s.controller.HomeController - Command processing ended for device [LIGHT_02].
2026-07-01 18:08:29 DEBUG c.b.s.controller.HomeController - Command received: THERMO_01 SET_TEMP 22.5. For device THERMO_01
2026-07-01 18:08:29 INFO  c.b.s.controller.HomeController - Command executed successfully: SET_TEMP 22.5
2026-07-01 18:08:29 DEBUG c.b.s.controller.HomeController - Command processing ended for device [THERMO_01].
2026-07-01 18:09:23 DEBUG c.b.s.controller.HomeController - Command received: LIGHT_01 SET_BRIGHTNESS 80. For device LIGHT_01
2026-07-01 18:10:28 INFO  c.b.s.controller.HomeController - Command executed successfully: SET_BRIGHTNESS 80
2026-07-01 18:10:32 DEBUG c.b.s.controller.HomeController - Command processing ended for device [LIGHT_01].
2026-07-01 18:10:45 DEBUG c.b.s.controller.HomeController - Command received: LIGHT_03 TURN_ON. For device LIGHT_03
2026-07-01 18:10:45 WARN  c.b.s.controller.HomeController - The target device 'LIGHT_03' is offline - command skipped.
2026-07-01 18:10:45 DEBUG c.b.s.controller.HomeController - Command processing ended for device [LIGHT_03].
2026-07-01 18:10:45 INFO  c.b.smarthome.device.SmartLock - Lock unlocked successfully! Device ID: LOCK_01
2026-07-01 18:10:45 DEBUG c.b.s.controller.HomeController - Command received: LOCK_02 UNLOCK. For device LOCK_02
2026-07-01 18:10:45 ERROR c.b.smarthome.device.SmartLock - SECURITY ALERT: Incorrect PIN entered for Back Door Lock.
2026-07-01 18:10:45 DEBUG c.b.s.controller.HomeController - Command processing ended for device [LOCK_02].
2026-07-01 18:10:45 DEBUG c.b.s.controller.HomeController - Command received: SENSOR_99 TURN_ON. For device SENSOR_99
2026-07-01 18:10:58 DEBUG c.b.s.controller.HomeController - Command received: LIGHT_01 TURN_ON. For device LIGHT_01
2026-07-01 18:10:58 INFO  c.b.s.controller.HomeController - Command executed successfully: TURN_ON
2026-07-01 18:10:58 DEBUG c.b.s.controller.HomeController - Command processing ended for device [LIGHT_01].
2026-07-01 18:10:58 DEBUG c.b.s.controller.HomeController - Command received: LIGHT_02 TURN_ON. For device LIGHT_02
2026-07-01 18:10:58 INFO  c.b.s.controller.HomeController - Command executed successfully: TURN_ON
2026-07-01 18:10:58 DEBUG c.b.s.controller.HomeController - Command processing ended for device [LIGHT_02].
2026-07-01 18:10:58 DEBUG c.b.s.controller.HomeController - Command received: THERMO_01 SET_TEMP 22.5. For device THERMO_01
2026-07-01 18:10:58 INFO  c.b.s.controller.HomeController - Command executed successfully: SET_TEMP 22.5
2026-07-01 18:10:58 DEBUG c.b.s.controller.HomeController - Command processing ended for device [THERMO_01].
2026-07-01 18:10:58 DEBUG c.b.s.controller.HomeController - Command received: LIGHT_01 SET_BRIGHTNESS 80. For device LIGHT_01
2026-07-01 18:10:58 INFO  c.b.s.controller.HomeController - Command executed successfully: SET_BRIGHTNESS 80
2026-07-01 18:10:58 DEBUG c.b.s.controller.HomeController - Command processing ended for device [LIGHT_01].
2026-07-01 18:10:58 DEBUG c.b.s.controller.HomeController - Command received: LIGHT_03 TURN_ON. For device LIGHT_03
2026-07-01 18:10:58 WARN  c.b.s.controller.HomeController - The target device 'LIGHT_03' is offline - command skipped.
2026-07-01 18:10:58 DEBUG c.b.s.controller.HomeController - Command processing ended for device [LIGHT_03].
2026-07-01 18:10:58 INFO  c.b.smarthome.device.SmartLock - Lock unlocked successfully! Device ID: LOCK_01
2026-07-01 18:10:58 DEBUG c.b.s.controller.HomeController - Command received: LOCK_02 UNLOCK. For device LOCK_02
2026-07-01 18:10:58 ERROR c.b.smarthome.device.SmartLock - SECURITY ALERT: Incorrect PIN entered for Back Door Lock.
2026-07-01 18:10:58 DEBUG c.b.s.controller.HomeController - Command processing ended for device [LOCK_02].
2026-07-01 18:10:58 DEBUG c.b.s.controller.HomeController - Command received: SENSOR_99 TURN_ON. For device SENSOR_99
2026-07-01 18:10:58 WARN  c.b.s.controller.HomeController - Device not found!
2026-07-01 18:10:58 DEBUG c.b.s.controller.HomeController - Command processing ended for device [SENSOR_99].
